// Jest Snapshot v1, https://goo.gl/fbAQLP

exports[`should render EditPostPage correctly 1`] = `
<div>
  <PostForm
    onSubmit={[Function]}
    post={
      Object {
        "amount": 50,
        "createdAt": 604800000,
        "description": "ccc",
        "id": "ccc",
        "title": "ccc",
      }
    }
  />
  <button
    onClick={[Function]}
    type="button"
  >
    Remove
  </button>
</div>
`;
